[nexus-is.onthewifi.com/index.html]
[nexus-is.onthewifi.com/storage/js/domain-check.js]
[pagead2.googlesyndication.com/pagead/js/f10b9.txt]
[nexus-is.onthewifi.com/static/uv/uv.bundle.js]
[nexus-is.onthewifi.com/static/uv/uv.config.js]
[nexus-is.onthewifi.com/static/register-sw.js]
[backblue.gif]
[fade.gif]
[index.html]
[nexus-is.onthewifi.com/manifest.json]
[nexus-is.onthewifi.com/storage/images/googleclassroom.png]
[cdnjs.cloudflare.com/ajax/libs/font-awesome/6.0.0-beta3/css/all.min.css]
[nexus-is.onthewifi.com/pages/prox/settings.html]
[nexus-is.onthewifi.com/storage/js/eruda.js]
[nexus-is.onthewifi.com/static/index.html]
[nexus-is.onthewifi.com/static/embed8a36.html]
[nexus-is.onthewifi.com/decodedUrl]
[nexus-is.onthewifi.com/__uv$config.decodeUrl(path]
[nexus-is.onthewifi.com/storage/js/settings.js]
[nexus-is.onthewifi.com/storage/js/cheese-algorithm.js]
[nexus-is.onthewifi.com/pages/index.html]
[nexus-is.onthewifi.com/storage/js/notify.js]
[nexus-is.onthewifi.com/storage/js/panic.js]
[nexus-is.onthewifi.com/storage/js/background.js]
[nexus-is.onthewifi.com/index.html]
[cdnjs.cloudflare.com/ajax/libs/font-awesome/6.0.0-beta3/css/all.min.css]
[nexus-is.onthewifi.com/static/indexda93.html]
[nexus-is.onthewifi.com/storage/css/evenmorestyles.css]
[nexus-is.onthewifi.com/storage/css/static.css]
[nexus-is.onthewifi.com/particles.js]
[nexus-is.onthewifi.com/storage/js/app.js]
[nexus-is.onthewifi.com/storage/js/particles-toggle.js]
[nexus-is.onthewifi.com/storage/js/splash-messages.js]
[nexus-is.onthewifi.com/pages/apps-framec971.html]
[nexus-is.onthewifi.com/static/uv-sw.js]
[nexus-is.onthewifi.com/static/index.html]
[nexus-is.onthewifi.com/pages/index.html]
[nexus-is.onthewifi.com/static/indexda93.html]
[nexus-is.onthewifi.com/pages/secret/index.html]
[nexus-is.onthewifi.com/storage/images/logo.png]
[nexus-is.onthewifi.com/pages/storage/images/googleclassroom.png]
[nexus-is.onthewifi.com/storage/css/settings.css]
[nexus-is.onthewifi.com/storage/css/style.css]
[raw.githubusercontent.com/voucan/voucan.github.io/refs/heads/main/googleclassroom.png]
[nexus-is.onthewifi.com/pages/prox/settings.html]
[nexus-is.onthewifi.com/storage/css/static-embed.css]
[nexus-is.onthewifi.com/static/embed.js]
[nexus-is.onthewifi.com/static/embed8a36.html]
[nexus-is.onthewifi.com/decodedUrl.html]
[nexus-is.onthewifi.com/__uv$config.html]
[nexus-is.onthewifi.com/storage/css/evenmorestyles.css]
[nexus-is.onthewifi.com/storage/css/static.css]
[nexus-is.onthewifi.com/storage/css/iframe2.css]
[voucan-us4.github.io/ai/bookmarklet.js]
[nexus-is.onthewifi.com/pages/data.html]
[nexus-is.onthewifi.com/storage/js/settings-1.js]
[nexus-is.onthewifi.com/static/search.js]
[nexus-is.onthewifi.com/static/index.js]
[nexus-is.onthewifi.com/pages/apps-framec971.html]
[nexus-is.onthewifi.com/pages/secret/games.js]
[nexus-is.onthewifi.com/pages/secret/index.html]
[nexus-is.onthewifi.com/pages/storage/images/googleclassroom.html]
[nexus-is.onthewifi.com/storage/css/settings.css]
[nexus-is.onthewifi.com/storage/css/style.css]
[nexus-is.onthewifi.com/storage/css/static-embed.css]
[nexus-is.onthewifi.com/storage/images/bg.gif]
[nexus-is.onthewifi.com/storage/css/iframe2.css]
[nexus-is.onthewifi.com/storage/css/data.css]
[nexus-is.onthewifi.com/pages/data.html]
[nexus-is.onthewifi.com/storage/js/settings-1.html]
[nexus-is.onthewifi.com/pages/secret/games.html]
[nexus-is.onthewifi.com/storage/css/data.css]
